// Jest Snapshot v1, https://goo.gl/fbAQLP

exports[`components/FileUpload should match snapshot 1`] = `
<OverlayTrigger
  defaultOverlayShown={false}
  delayShow={400}
  overlay={
    <Tooltip
      id="upload-tooltip"
    >
      <Memo(KeyboardShortcutSequence)
        hoistDescription={true}
        isInsideTooltip={true}
        shortcut={
          Object {
            "default": Object {
              "defaultMessage": "Upload files:	Ctrl|U",
              "id": "shortcuts.files.upload",
            },
            "mac": Object {
              "defaultMessage": "Upload files:	⌘|U",
              "id": "shortcuts.files.upload.mac",
            },
          }
        }
      />
    </Tooltip>
  }
  placement="top"
  trigger={
    Array [
      "hover",
      "focus",
    ]
  }
>
  <div
    className="style--none"
  >
    <button
      aria-label="attachment"
      className="style--none AdvancedTextEditor__action-button"
      id="fileUploadButton"
      onClick={[Function]}
      onTouchEnd={[Function]}
      type="button"
    >
      <i
        aria-label="Attachment Icon"
        className="icon icon-paperclip"
      />
    </button>
    <input
      accept=""
      aria-label="Upload files"
      className="hidden"
      id="fileUploadInput"
      multiple={true}
      onChange={[Function]}
      onClick={[Function]}
      tabIndex="-1"
      type="file"
    />
  </div>
</OverlayTrigger>
`;
