// Jest Snapshot v1, https://goo.gl/fbAQLP

exports[`components/post_view/post_list snapshot for loading when there are no posts 1`] = `
<div
  id="post-list"
>
  <div
    className="post-list-holder-by-time"
    key="postlist-fake-id"
  >
    <div
      className="post-list__table"
    >
      <div
        className="post-list__content"
        id="virtualizedPostListContent"
      >
        <PostList
          actions={
            Object {
              "canLoadMorePosts": [Function],
              "changeUnreadChunkTimeStamp": [MockFunction],
              "checkAndSetMobileView": [MockFunction],
              "loadNewerPosts": [Function],
              "loadOlderPosts": [Function],
            }
          }
          autoRetryEnable={true}
          channelId="fake-id"
          newerPosts={
            Object {
              "allLoaded": false,
              "loading": false,
            }
          }
          olderPosts={
            Object {
              "allLoaded": false,
              "loading": false,
            }
          }
          postListIds={Array []}
        />
      </div>
    </div>
  </div>
</div>
`;

exports[`components/post_view/post_list snapshot with couple of posts 1`] = `
<div
  id="post-list"
>
  <div
    className="post-list-holder-by-time"
    key="postlist-fake-id"
  >
    <div
      className="post-list__table"
    >
      <div
        className="post-list__content"
        id="virtualizedPostListContent"
      >
        <PostList
          actions={
            Object {
              "canLoadMorePosts": [Function],
              "changeUnreadChunkTimeStamp": [MockFunction],
              "checkAndSetMobileView": [MockFunction],
              "loadNewerPosts": [Function],
              "loadOlderPosts": [Function],
            }
          }
          autoRetryEnable={true}
          channelId="fake-id"
          newerPosts={
            Object {
              "allLoaded": false,
              "loading": false,
            }
          }
          olderPosts={
            Object {
              "allLoaded": false,
              "loading": false,
            }
          }
          postListIds={Array []}
        />
      </div>
    </div>
  </div>
</div>
`;
