// Jest Snapshot v1, https://goo.gl/fbAQLP

exports[`SidebarChannelList should match snapshot 1`] = `
<div
  className="SidebarNavContainer a11y__region"
  data-a11y-disable-nav={false}
  data-a11y-sort-order="7"
  id="sidebar-left"
  onTransitionEnd={[Function]}
>
  <UnreadChannelIndicator
    content={
      <FormattedMessage
        defaultMessage="More unreads"
        id="sidebar.unreads"
      />
    }
    extraClass="nav-pills__unread-indicator-top"
    name="Top"
    onClick={[Function]}
    show={false}
  />
  <UnreadChannelIndicator
    content={
      <FormattedMessage
        defaultMessage="More unreads"
        id="sidebar.unreads"
      />
    }
    extraClass="nav-pills__unread-indicator-bottom"
    name="Bottom"
    onClick={[Function]}
    show={false}
  />
  <Scrollbars
    autoHeight={false}
    autoHeightMax={200}
    autoHeightMin={0}
    autoHide={true}
    autoHideDuration={500}
    autoHideTimeout={500}
    hideTracksWhenNotNeeded={false}
    onScroll={[Function]}
    renderThumbHorizontal={[Function]}
    renderThumbVertical={[Function]}
    renderTrackHorizontal={[Function]}
    renderTrackVertical={[Function]}
    renderView={[Function]}
    style={
      Object {
        "position": "absolute",
      }
    }
    tagName="div"
    thumbMinSize={30}
    universal={false}
  >
    <DragDropContext
      onBeforeCapture={[Function]}
      onBeforeDragStart={[Function]}
      onDragEnd={[Function]}
      onDragStart={[Function]}
    >
      <Connect(Droppable)
        direction="vertical"
        droppableId="droppable-categories"
        getContainerForClone={[Function]}
        ignoreContainerClipping={false}
        isCombineEnabled={false}
        isDropDisabled={false}
        mode="standard"
        renderClone={null}
        type="SIDEBAR_CATEGORY"
      >
        <Component />
      </Connect(Droppable)>
    </DragDropContext>
  </Scrollbars>
</div>
`;

exports[`SidebarChannelList should match snapshot 2`] = `
<div>
  <Connect(SidebarCategory)
    category={
      Object {
        "channel_ids": Array [
          "channel_id",
          "channel_id_2",
        ],
        "display_name": "custom_category_1",
        "id": "category1",
        "sorting": "alpha",
        "team_id": "team1",
        "type": "custom",
        "user_id": "",
      }
    }
    categoryIndex={0}
    getChannelRef={[Function]}
    handleOpenMoreDirectChannelsModal={[MockFunction]}
    isNewCategory={false}
    key="category1"
    setChannelRef={[Function]}
  />
</div>
`;
