// Jest Snapshot v1, https://goo.gl/fbAQLP

exports[`components/tutorial/tutorial_tip/tutorial_tip should match snapshot 1`] = `
<div
  className="tip-div "
  id="tipButton"
  onClick={[Function]}
>
  <img
    alt="tutorial tip"
    className="tip-button"
    onClick={[Function]}
    src={null}
    width="35"
  />
  <Overlay
    animation={[Function]}
    placement="right"
    rootClose={false}
    show={false}
  >
    <div
      className="tip-backdrop"
    />
  </Overlay>
  <Overlay
    animation={[Function]}
    onHide={[Function]}
    placement="right"
    rootClose={true}
    show={false}
    target={[Function]}
  >
    <div
      className="tip-overlay "
    >
      <div
        className="arrow"
      />
      <div
        className="tutorial__footer"
      >
        <div
          className="tutorial__circles"
        >
          <a
            className="circle active"
            data-screen={0}
            href="#"
            key="dotactive0"
            onClick={[Function]}
          />
          <a
            className="circle"
            data-screen={1}
            href="#"
            key="dotactive1"
            onClick={[Function]}
          />
          <a
            className="circle"
            data-screen={2}
            href="#"
            key="dotactive2"
            onClick={[Function]}
          />
        </div>
        <div
          className="text-right"
        >
          <button
            className="btn btn-primary"
            id="tipNextButton"
            onClick={[Function]}
          >
            <FormattedMessage
              defaultMessage="Next"
              id="tutorial_tip.next"
            />
          </button>
          <div
            className="tip-opt"
          >
            <FormattedMessage
              defaultMessage="Seen this before? "
              id="tutorial_tip.seen"
            />
            <a
              href="#"
              onClick={[Function]}
            >
              <FormattedMessage
                defaultMessage="Opt out of these tips."
                id="tutorial_tip.out"
              />
            </a>
          </div>
        </div>
      </div>
    </div>
  </Overlay>
</div>
`;
