// Jest Snapshot v1, https://goo.gl/fbAQLP

exports[`plugins/ChannelHeaderPlug should match snapshot with no extended component 1`] = `""`;

exports[`plugins/ChannelHeaderPlug should match snapshot with one extended component 1`] = `
<HeaderIconWrapper
  buttonClass="channel-header__icon style--none"
  buttonId="someid"
  iconComponent={
    <i
      className="fa fa-anchor"
    />
  }
  onClick={[Function]}
  tooltipKey="plugin"
  tooltipText="some tooltip text"
/>
`;

exports[`plugins/ChannelHeaderPlug should match snapshot with two extended components 1`] = `
<div
  className="flex-child"
>
  <Uncontrolled(Dropdown)
    id="channelHeaderPlugDropdown"
    onToggle={[Function]}
    open={false}
  >
    <CustomToggle
      bsRole="toggle"
      dropdownOpen={false}
    >
      <span
        className="fa fa-ellipsis-h icon__ellipsis"
      />
    </CustomToggle>
    <CustomMenu
      bsRole="menu"
      onClose={[Function]}
      open={false}
    >
      <li
        key="channelHeaderPlugsomeid"
      >
        <a
          className="overflow--ellipsis"
          href="#"
          onClick={[Function]}
        >
          <span>
            <i
              className="fa fa-anchor"
            />
          </span>
          some dropdown text
        </a>
      </li>
      <li
        key="channelHeaderPlugsomeid2"
      >
        <a
          className="overflow--ellipsis"
          href="#"
          onClick={[Function]}
        >
          <span>
            <i
              className="fa fa-anchor"
            />
          </span>
          some dropdown text
        </a>
      </li>
    </CustomMenu>
  </Uncontrolled(Dropdown)>
</div>
`;
