// Jest Snapshot v1, https://goo.gl/fbAQLP

exports[`components/ChannelHeaderDropdown/MenuItem.DeleteChannel should match snapshot 1`] = `
<Connect(ChannelPermissionGate)
  channelId="channel_id"
  permissions={
    Array [
      "delete_public_channel",
    ]
  }
  teamId="team_id"
>
  <li
    role="presentation"
  >
    <Connect(ModalToggleButtonRedux)
      dialogProps={
        Object {
          "channel": Object {
            "id": "channel_id",
            "team_id": "team_id",
            "type": "O",
          },
          "penultimateViewedChannelName": "",
        }
      }
      dialogType={[Function]}
      id="channelDelete"
      modalId="delete_channel"
      role="menuitem"
    >
      <FormattedMessage
        defaultMessage="Archive Channel"
        id="channel_header.delete"
        values={Object {}}
      />
    </Connect(ModalToggleButtonRedux)>
  </li>
</Connect(ChannelPermissionGate)>
`;
